// Jest Snapshot v1, https://goo.gl/fbAQLP

exports[`Prueba en GifGridItem debe mostrar el componente correctamente (hacer el match con el snapshot ) 1`] = `
<div
  className="card animate__animated animate__fadeIn"
>
  <img
    alt="Un título"
    src="https://localhost/algo.jpg"
  />
  <p>
    Un título
  </p>
</div>
`;
